// Jest Snapshot v1, https://goo.gl/fbAQLP

exports[`Footer should be rendered correctly 1`] = `
<div>
  <footer
    class="footer"
  >
    <p
      class="footer__content"
    >
      Copyright AvailDomain 2024 - Seu consultor de Dom√≠nios
    </p>
  </footer>
</div>
`;
